00:00 +0: loading D:/My WebStie Applications/Flutter/investment/test/widget_test.dart
00:00 +0: shows investment title text
00:00 +1: All tests passed!
